Exporting package to 'C:\Users\rstl01\AppData\Local\Temp\eaXrefTempXMI.xml'
Retrieving data for export: diagram elements
Retrieving data for export: links
Retrieving data for export: constraints
Retrieving data for export: attribute tagged values
Retrieving data for export: operation tagged values
Retrieving data for export: operation parameter tagged values
Retrieving data for export: connector tagged values
Retrieving data for export: Discussions
Completed data retrieval
Pre-processing export tree...
Completed pre-processing
Processing package: ProjectRoot
Element:0: Common
Element:1: IND
Element:2: FMB
Element:3: NR
Element:4: FMB
Diagram: ProjectRoot
Processing package: Common
Element:5: Metadata
Diagram: Common
Processing package: FMB
Element:6: Referens
Element:7: FMB-Information
Element:8: Länkar
Diagram: FMB
Processing package: IND
Diagram: IND
Processing package: NR
Diagram: NR
Adding Document Item XML
XMI Document Export Complete!
